<?xml version="1.0" encoding="utf-8"?>
<TestRun id="42dfa8b2-f2e5-4ae1-9413-d2d4600f6a7a" name="Mokth@MOKTH 2026-10-05 16:01:49" runUser="MOKTH\Mokth" xmlns="http://microsoft.com/schemas/VisualStudio/TeamTest/2010">
  <Times creation="2026-10-05T16:01:49.2385313+08:00" queuing="2026-10-05T16:01:49.2385320+08:00" start="2026-10-05T16:01:42.3472055+08:00" finish="2026-10-05T16:02:01.6710883+08:00" />
  <TestSettings name="default" id="ccbd05dd-6285-43b1-8e76-a29f4169d055">
    <Deployment runDeploymentRoot="Mokth_MOKTH_2026-10-05_16_01_49" />
  </TestSettings>
  <Results>
    <UnitTestResult executionId="a4f3e262-4db0-4ac1-8c3a-a9eb8c311a7e" testId="28119c9c-74c0-75c3-652b-82064da0d7df" testName="ErpWeb.Tests.Production.Transaction.ProductionCostGateTests.Daily_sealed_replay_from_new_draft_is_reconciliation_failure" computerName="MOKTH" duration="00:00:00.6065791" startTime="2026-10-05T16:02:00.9323015+08:00" endTime="2026-10-05T16:02:01.5387122+08:00" testType="13cdc9d9-ddb5-4fa4-a97d-d965ccfc6d4b" outcome="Passed" testListId="8c84fa94-04c1-424b-9868-57a2d4851a1d" relativeResultsDirectory="a4f3e262-4db0-4ac1-8c3a-a9eb8c311a7e" />
    <UnitTestResult executionId="f2dec488-8fd7-41fb-aa96-ca0aad74553f" testId="c2ef6b0b-3c40-2efe-eab0-13bba5b57a00" testName="ErpWeb.Tests.Production.Transaction.ProductionCostGateTests.Ip_sealed_replay_from_new_draft_is_reconciliation_failure" computerName="MOKTH" duration="00:00:00.5040073" startTime="2026-10-05T16:01:57.8457942+08:00" endTime="2026-10-05T16:01:58.3496804+08:00" testType="13cdc9d9-ddb5-4fa4-a97d-d965ccfc6d4b" outcome="Passed" testListId="8c84fa94-04c1-424b-9868-57a2d4851a1d" relativeResultsDirectory="f2dec488-8fd7-41fb-aa96-ca0aad74553f" />
    <UnitTestResult executionId="786e9338-2742-451f-8464-3afa0fab9167" testId="60f60040-0016-f2ff-7c07-1343f5426686" testName="ErpWeb.Tests.Production.Transaction.ProductionCostGateTests.Daily_without_active_epoch_fails_before_production_mutation" computerName="MOKTH" duration="00:00:00.6035155" startTime="2026-10-05T16:01:59.6043060+08:00" endTime="2026-10-05T16:02:00.2077232+08:00" testType="13cdc9d9-ddb5-4fa4-a97d-d965ccfc6d4b" outcome="Passed" testListId="8c84fa94-04c1-424b-9868-57a2d4851a1d" relativeResultsDirectory="786e9338-2742-451f-8464-3afa0fab9167" />
    <UnitTestResult executionId="b2cbd4c9-9a70-4ba9-ae18-c5de9bf58246" testId="a31dc993-c9ff-c5f0-05fa-6c47f8fd07c8" testName="ErpWeb.Tests.Production.Transaction.ProductionCostReadinessTests.Inventory_cost_predicate_matches_non_negative_price_and_nonblank_evidence(price: 0, evidence: &quot;   &quot;, expected: False)" computerName="MOKTH" duration="00:00:00.3322767" startTime="2026-10-05T16:01:50.1261476+08:00" endTime="2026-10-05T16:01:50.4581602+08:00" testType="13cdc9d9-ddb5-4fa4-a97d-d965ccfc6d4b" outcome="Passed" testListId="8c84fa94-04c1-424b-9868-57a2d4851a1d" relativeResultsDirectory="b2cbd4c9-9a70-4ba9-ae18-c5de9bf58246" />
    <UnitTestResult executionId="98de0e7a-2fe9-4211-8e83-6abb9c542234" testId="ec2af765-be90-9a37-9abe-d5b3876408dd" testName="ErpWeb.Tests.Production.Transaction.ProductionCostGateTests.Ip_stock_ledger_exception_is_a_controlled_rollback" computerName="MOKTH" duration="00:00:00.5026943" startTime="2026-10-05T16:01:56.4090559+08:00" endTime="2026-10-05T16:01:56.9117847+08:00" testType="13cdc9d9-ddb5-4fa4-a97d-d965ccfc6d4b" outcome="Passed" testListId="8c84fa94-04c1-424b-9868-57a2d4851a1d" relativeResultsDirectory="98de0e7a-2fe9-4211-8e83-6abb9c542234" />
    <UnitTestResult executionId="9b555336-9c10-485c-9d70-afefe99aef57" testId="86b5982a-a15a-4371-0839-3c8a6484f325" testName="ErpWeb.Tests.Production.Transaction.ProductionCostGateTests.Ip_success_creates_sealed_verified_issue_lineage" computerName="MOKTH" duration="00:00:02.2778217" startTime="2026-10-05T16:01:54.1311359+08:00" endTime="2026-10-05T16:01:56.4087090+08:00" testType="13cdc9d9-ddb5-4fa4-a97d-d965ccfc6d4b" outcome="Passed" testListId="8c84fa94-04c1-424b-9868-57a2d4851a1d" relativeResultsDirectory="9b555336-9c10-485c-9d70-afefe99aef57" />
    <UnitTestResult executionId="f952300b-84a7-4489-81c7-2271b511a289" testId="b89b7cbc-9dae-97f3-6eb0-1a451c06298b" testName="ErpWeb.Tests.Production.Transaction.ProductionCostReadinessTests.Generic_pool_readiness_does_not_require_production_location" computerName="MOKTH" duration="00:00:00.3779084" startTime="2026-10-05T16:01:53.0459704+08:00" endTime="2026-10-05T16:01:53.4237867+08:00" testType="13cdc9d9-ddb5-4fa4-a97d-d965ccfc6d4b" outcome="Passed" testListId="8c84fa94-04c1-424b-9868-57a2d4851a1d" relativeResultsDirectory="f952300b-84a7-4489-81c7-2271b511a289" />
    <UnitTestResult executionId="325d0634-168c-4799-a020-ac5f887d32de" testId="c25b5f67-a0e4-cd22-4c1c-e7749eabcc50" testName="ErpWeb.Tests.Production.Transaction.ProductionCostReadinessTests.Inventory_balance_error_identifies_locked_stock_identity" computerName="MOKTH" duration="00:00:00.3987793" startTime="2026-10-05T16:01:52.3023226+08:00" endTime="2026-10-05T16:01:52.7007064+08:00" testType="13cdc9d9-ddb5-4fa4-a97d-d965ccfc6d4b" outcome="Passed" testListId="8c84fa94-04c1-424b-9868-57a2d4851a1d" relativeResultsDirectory="325d0634-168c-4799-a020-ac5f887d32de" />
    <UnitTestResult executionId="0066395d-f017-46b5-bba6-868d4fd415ad" testId="2bd53ea4-6c87-fdf7-de35-c59102d1cc63" testName="ErpWeb.Tests.Production.Transaction.ProductionCostReadinessTests.Fg_readiness_requires_verified_pool_and_location" computerName="MOKTH" duration="00:00:00.3445624" startTime="2026-10-05T16:01:52.7010123+08:00" endTime="2026-10-05T16:01:53.0456646+08:00" testType="13cdc9d9-ddb5-4fa4-a97d-d965ccfc6d4b" outcome="Passed" testListId="8c84fa94-04c1-424b-9868-57a2d4851a1d" relativeResultsDirectory="0066395d-f017-46b5-bba6-868d4fd415ad" />
    <UnitTestResult executionId="b2f5f589-fa5e-4540-bbdd-6da28dc07ae1" testId="e8cb9e66-4736-4a44-f31f-e58b8fbfb733" testName="ErpWeb.Tests.Production.Transaction.ProductionCostGateTests.Daily_rejects_missing_unvalued_and_mismatched_pools_and_zero_cost_basis" computerName="MOKTH" duration="00:00:00.5130053" startTime="2026-10-05T16:01:57.3324540+08:00" endTime="2026-10-05T16:01:57.8454366+08:00" testType="13cdc9d9-ddb5-4fa4-a97d-d965ccfc6d4b" outcome="Passed" testListId="8c84fa94-04c1-424b-9868-57a2d4851a1d" relativeResultsDirectory="b2f5f589-fa5e-4540-bbdd-6da28dc07ae1" />
    <UnitTestResult executionId="457353ac-3abf-4dcf-b2af-8c27fadbdeef" testId="0f5472bf-9166-9c30-d93f-3afb32a34c53" testName="ErpWeb.Tests.Production.Transaction.ProductionCostReadinessTests.Inventory_cost_predicate_matches_non_negative_price_and_nonblank_evidence(price: null, evidence: &quot;EVIDENCE&quot;, expected: False)" computerName="MOKTH" duration="00:00:00.3438436" startTime="2026-10-05T16:01:51.5531278+08:00" endTime="2026-10-05T16:01:51.8968345+08:00" testType="13cdc9d9-ddb5-4fa4-a97d-d965ccfc6d4b" outcome="Passed" testListId="8c84fa94-04c1-424b-9868-57a2d4851a1d" relativeResultsDirectory="457353ac-3abf-4dcf-b2af-8c27fadbdeef" />
    <UnitTestResult executionId="76936189-7ede-45b2-aa47-2dc41ea4c257" testId="06189a49-8f3a-cb4c-3f36-d9a33334d06a" testName="ErpWeb.Tests.Production.Transaction.ProductionCostReadinessTests.Inventory_cost_predicate_matches_non_negative_price_and_nonblank_evidence(price: 0, evidence: &quot;&quot;, expected: False)" computerName="MOKTH" duration="00:00:00.3420264" startTime="2026-10-05T16:01:51.2108400+08:00" endTime="2026-10-05T16:01:51.5528746+08:00" testType="13cdc9d9-ddb5-4fa4-a97d-d965ccfc6d4b" outcome="Passed" testListId="8c84fa94-04c1-424b-9868-57a2d4851a1d" relativeResultsDirectory="76936189-7ede-45b2-aa47-2dc41ea4c257" />
    <UnitTestResult executionId="f598e4c0-4f75-443c-a29b-7ebf288ad14d" testId="cc85ad70-97b2-3210-5840-13a973c46c34" testName="ErpWeb.Tests.Production.Transaction.ProductionCostGateTests.Ip_rejects_missing_negative_and_blank_cost_evidence_and_allows_evidenced_zero" computerName="MOKTH" duration="00:00:00.7311432" startTime="2026-10-05T16:01:58.8728900+08:00" endTime="2026-10-05T16:01:59.6040073+08:00" testType="13cdc9d9-ddb5-4fa4-a97d-d965ccfc6d4b" outcome="Passed" testListId="8c84fa94-04c1-424b-9868-57a2d4851a1d" relativeResultsDirectory="f598e4c0-4f75-443c-a29b-7ebf288ad14d" />
    <UnitTestResult executionId="1bf43ea6-bc17-40ec-8fbf-bb48e4556394" testId="2cfad309-4758-20b6-28bf-822bde5c07b2" testName="ErpWeb.Tests.Production.Transaction.ProductionCostGateTests.Ip_without_active_epoch_fails_before_stock_mutation" computerName="MOKTH" duration="00:00:00.4201314" startTime="2026-10-05T16:01:56.9120613+08:00" endTime="2026-10-05T16:01:57.3321461+08:00" testType="13cdc9d9-ddb5-4fa4-a97d-d965ccfc6d4b" outcome="Passed" testListId="8c84fa94-04c1-424b-9868-57a2d4851a1d" relativeResultsDirectory="1bf43ea6-bc17-40ec-8fbf-bb48e4556394" />
    <UnitTestResult executionId="5b36b94a-f587-45d5-8c69-27b5de617ae8" testId="cc8eebd0-db2a-d1e4-e01c-684f1876c478" testName="ErpWeb.Tests.Production.Transaction.ProductionCostReadinessTests.Inventory_cost_predicate_matches_non_negative_price_and_nonblank_evidence(price: 1.5, evidence: &quot;   &quot;, expected: False)" computerName="MOKTH" duration="00:00:03.9816703" startTime="2026-10-05T16:01:45.2536038+08:00" endTime="2026-10-05T16:01:49.1876200+08:00" testType="13cdc9d9-ddb5-4fa4-a97d-d965ccfc6d4b" outcome="Passed" testListId="8c84fa94-04c1-424b-9868-57a2d4851a1d" relativeResultsDirectory="5b36b94a-f587-45d5-8c69-27b5de617ae8" />
    <UnitTestResult executionId="5cc410bd-d8f8-4710-ad1b-360137958d58" testId="abfe00f1-96c3-270d-31ad-3d86571ceff0" testName="ErpWeb.Tests.Production.Transaction.ProductionCostReadinessTests.Inventory_cost_predicate_matches_non_negative_price_and_nonblank_evidence(price: -1, evidence: &quot;EVIDENCE&quot;, expected: False)" computerName="MOKTH" duration="00:00:00.5952027" startTime="2026-10-05T16:01:49.2157113+08:00" endTime="2026-10-05T16:01:49.7827312+08:00" testType="13cdc9d9-ddb5-4fa4-a97d-d965ccfc6d4b" outcome="Passed" testListId="8c84fa94-04c1-424b-9868-57a2d4851a1d" relativeResultsDirectory="5cc410bd-d8f8-4710-ad1b-360137958d58" />
    <UnitTestResult executionId="b13ec89b-86be-4640-ba7b-5fe54c962859" testId="6859bdad-fd37-d987-0a0d-eef083a81dc4" testName="ErpWeb.Tests.Production.Transaction.ProductionCostReadinessTests.Inventory_cost_predicate_matches_non_negative_price_and_nonblank_evidence(price: 0, evidence: null, expected: False)" computerName="MOKTH" duration="00:00:00.4007724" startTime="2026-10-05T16:01:50.8098939+08:00" endTime="2026-10-05T16:01:51.2106300+08:00" testType="13cdc9d9-ddb5-4fa4-a97d-d965ccfc6d4b" outcome="Passed" testListId="8c84fa94-04c1-424b-9868-57a2d4851a1d" relativeResultsDirectory="b13ec89b-86be-4640-ba7b-5fe54c962859" />
    <UnitTestResult executionId="2175c45d-6c9d-4a1b-ab18-7d9dbf8abec0" testId="b5795a25-663a-1624-8e48-fb246cdb1d5f" testName="ErpWeb.Tests.Production.Transaction.ProductionCostGateTests.Ip_invariant_failure_rolls_back_the_transaction" computerName="MOKTH" duration="00:00:00.5227767" startTime="2026-10-05T16:01:58.3501281+08:00" endTime="2026-10-05T16:01:58.8726066+08:00" testType="13cdc9d9-ddb5-4fa4-a97d-d965ccfc6d4b" outcome="Passed" testListId="8c84fa94-04c1-424b-9868-57a2d4851a1d" relativeResultsDirectory="2175c45d-6c9d-4a1b-ab18-7d9dbf8abec0" />
    <UnitTestResult executionId="857e2dac-0ee1-4d12-85b5-68ff823f1772" testId="8f645098-cbb2-f82f-8e7d-781c9ab70522" testName="ErpWeb.Tests.Production.Transaction.ProductionCostGateTests.Daily_invariant_and_ledger_failures_roll_back" computerName="MOKTH" duration="00:00:00.7238869" startTime="2026-10-05T16:02:00.2080188+08:00" endTime="2026-10-05T16:02:00.9319031+08:00" testType="13cdc9d9-ddb5-4fa4-a97d-d965ccfc6d4b" outcome="Passed" testListId="8c84fa94-04c1-424b-9868-57a2d4851a1d" relativeResultsDirectory="857e2dac-0ee1-4d12-85b5-68ff823f1772" />
    <UnitTestResult executionId="bc378e27-38c8-4035-9567-b23d94cc4801" testId="82ddd002-58fa-2ffa-c643-2ee8aa90e558" testName="ErpWeb.Tests.Production.Transaction.ProductionCostReadinessTests.Inventory_cost_predicate_matches_non_negative_price_and_nonblank_evidence(price: 1.5, evidence: &quot;TEST_EXPLICIT_COMPANY_BASE_PRICE&quot;, expected: True)" computerName="MOKTH" duration="00:00:00.3513489" startTime="2026-10-05T16:01:50.4583612+08:00" endTime="2026-10-05T16:01:50.8096861+08:00" testType="13cdc9d9-ddb5-4fa4-a97d-d965ccfc6d4b" outcome="Passed" testListId="8c84fa94-04c1-424b-9868-57a2d4851a1d" relativeResultsDirectory="bc378e27-38c8-4035-9567-b23d94cc4801" />
    <UnitTestResult executionId="55254e84-bbb1-4053-91a5-34e332730e82" testId="0a6897f9-633d-7ab7-9409-a83bafddde21" testName="ErpWeb.Tests.Production.Transaction.ProductionCostReadinessTests.Inventory_cost_predicate_matches_non_negative_price_and_nonblank_evidence(price: 0, evidence: &quot;ZERO&quot;, expected: True)" computerName="MOKTH" duration="00:00:00.3427943" startTime="2026-10-05T16:01:49.7839425+08:00" endTime="2026-10-05T16:01:50.1257086+08:00" testType="13cdc9d9-ddb5-4fa4-a97d-d965ccfc6d4b" outcome="Passed" testListId="8c84fa94-04c1-424b-9868-57a2d4851a1d" relativeResultsDirectory="55254e84-bbb1-4053-91a5-34e332730e82" />
    <UnitTestResult executionId="6fe6a80d-a759-4d0a-a495-466805b836f2" testId="28c4a2b7-4036-9d4a-9576-da6e55e6c551" testName="ErpWeb.Tests.Production.Transaction.ProductionCostGateTests.Daily_success_creates_sealed_verified_consume_and_produce_lineage" computerName="MOKTH" duration="00:00:08.9283736" startTime="2026-10-05T16:01:45.2566061+08:00" endTime="2026-10-05T16:01:54.1306615+08:00" testType="13cdc9d9-ddb5-4fa4-a97d-d965ccfc6d4b" outcome="Passed" testListId="8c84fa94-04c1-424b-9868-57a2d4851a1d" relativeResultsDirectory="6fe6a80d-a759-4d0a-a495-466805b836f2" />
    <UnitTestResult executionId="f6dbd50d-27c1-4676-9b3f-7c080b6b31ef" testId="f6c52057-6085-36a6-443e-76791dc0e413" testName="ErpWeb.Tests.Production.Transaction.ProductionCostReadinessTests.Missing_or_unvalued_or_mismatched_pools_are_invalid" computerName="MOKTH" duration="00:00:00.4041485" startTime="2026-10-05T16:01:51.8987379+08:00" endTime="2026-10-05T16:01:52.3017965+08:00" testType="13cdc9d9-ddb5-4fa4-a97d-d965ccfc6d4b" outcome="Passed" testListId="8c84fa94-04c1-424b-9868-57a2d4851a1d" relativeResultsDirectory="f6dbd50d-27c1-4676-9b3f-7c080b6b31ef" />
  </Results>
  <TestDefinitions>
    <UnitTest name="ErpWeb.Tests.Production.Transaction.ProductionCostReadinessTests.Inventory_cost_predicate_matches_non_negative_price_and_nonblank_evidence(price: 0, evidence: null, expected: False)" storage="c:\wincom\net10projects\erpweb.tests\bin\debug\net10.0\erpweb.tests.dll" id="6859bdad-fd37-d987-0a0d-eef083a81dc4">
      <Execution id="b13ec89b-86be-4640-ba7b-5fe54c962859" />
      <TestMethod codeBase="C:\wincom\net10projects\ErpWeb.Tests\bin\Debug\net10.0\ErpWeb.Tests.dll" adapterTypeName="executor://xunit/VsTestRunner3/netcore/" className="ErpWeb.Tests.Production.Transaction.ProductionCostReadinessTests" name="Inventory_cost_predicate_matches_non_negative_price_and_nonblank_evidence" />
    </UnitTest>
    <UnitTest name="ErpWeb.Tests.Production.Transaction.ProductionCostGateTests.Ip_without_active_epoch_fails_before_stock_mutation" storage="c:\wincom\net10projects\erpweb.tests\bin\debug\net10.0\erpweb.tests.dll" id="2cfad309-4758-20b6-28bf-822bde5c07b2">
      <Execution id="1bf43ea6-bc17-40ec-8fbf-bb48e4556394" />
      <TestMethod codeBase="C:\wincom\net10projects\ErpWeb.Tests\bin\Debug\net10.0\ErpWeb.Tests.dll" adapterTypeName="executor://xunit/VsTestRunner3/netcore/" className="ErpWeb.Tests.Production.Transaction.ProductionCostGateTests" name="Ip_without_active_epoch_fails_before_stock_mutation" />
    </UnitTest>
    <UnitTest name="ErpWeb.Tests.Production.Transaction.ProductionCostGateTests.Ip_invariant_failure_rolls_back_the_transaction" storage="c:\wincom\net10projects\erpweb.tests\bin\debug\net10.0\erpweb.tests.dll" id="b5795a25-663a-1624-8e48-fb246cdb1d5f">
      <Execution id="2175c45d-6c9d-4a1b-ab18-7d9dbf8abec0" />
      <TestMethod codeBase="C:\wincom\net10projects\ErpWeb.Tests\bin\Debug\net10.0\ErpWeb.Tests.dll" adapterTypeName="executor://xunit/VsTestRunner3/netcore/" className="ErpWeb.Tests.Production.Transaction.ProductionCostGateTests" name="Ip_invariant_failure_rolls_back_the_transaction" />
    </UnitTest>
    <UnitTest name="ErpWeb.Tests.Production.Transaction.ProductionCostReadinessTests.Generic_pool_readiness_does_not_require_production_location" storage="c:\wincom\net10projects\erpweb.tests\bin\debug\net10.0\erpweb.tests.dll" id="b89b7cbc-9dae-97f3-6eb0-1a451c06298b">
      <Execution id="f952300b-84a7-4489-81c7-2271b511a289" />
      <TestMethod codeBase="C:\wincom\net10projects\ErpWeb.Tests\bin\Debug\net10.0\ErpWeb.Tests.dll" adapterTypeName="executor://xunit/VsTestRunner3/netcore/" className="ErpWeb.Tests.Production.Transaction.ProductionCostReadinessTests" name="Generic_pool_readiness_does_not_require_production_location" />
    </UnitTest>
    <UnitTest name="ErpWeb.Tests.Production.Transaction.ProductionCostGateTests.Daily_rejects_missing_unvalued_and_mismatched_pools_and_zero_cost_basis" storage="c:\wincom\net10projects\erpweb.tests\bin\debug\net10.0\erpweb.tests.dll" id="e8cb9e66-4736-4a44-f31f-e58b8fbfb733">
      <Execution id="b2f5f589-fa5e-4540-bbdd-6da28dc07ae1" />
      <TestMethod codeBase="C:\wincom\net10projects\ErpWeb.Tests\bin\Debug\net10.0\ErpWeb.Tests.dll" adapterTypeName="executor://xunit/VsTestRunner3/netcore/" className="ErpWeb.Tests.Production.Transaction.ProductionCostGateTests" name="Daily_rejects_missing_unvalued_and_mismatched_pools_and_zero_cost_basis" />
    </UnitTest>
    <UnitTest name="ErpWeb.Tests.Production.Transaction.ProductionCostReadinessTests.Inventory_cost_predicate_matches_non_negative_price_and_nonblank_evidence(price: 0, evidence: &quot;&quot;, expected: False)" storage="c:\wincom\net10projects\erpweb.tests\bin\debug\net10.0\erpweb.tests.dll" id="06189a49-8f3a-cb4c-3f36-d9a33334d06a">
      <Execution id="76936189-7ede-45b2-aa47-2dc41ea4c257" />
      <TestMethod codeBase="C:\wincom\net10projects\ErpWeb.Tests\bin\Debug\net10.0\ErpWeb.Tests.dll" adapterTypeName="executor://xunit/VsTestRunner3/netcore/" className="ErpWeb.Tests.Production.Transaction.ProductionCostReadinessTests" name="Inventory_cost_predicate_matches_non_negative_price_and_nonblank_evidence" />
    </UnitTest>
    <UnitTest name="ErpWeb.Tests.Production.Transaction.ProductionCostReadinessTests.Inventory_cost_predicate_matches_non_negative_price_and_nonblank_evidence(price: -1, evidence: &quot;EVIDENCE&quot;, expected: False)" storage="c:\wincom\net10projects\erpweb.tests\bin\debug\net10.0\erpweb.tests.dll" id="abfe00f1-96c3-270d-31ad-3d86571ceff0">
      <Execution id="5cc410bd-d8f8-4710-ad1b-360137958d58" />
      <TestMethod codeBase="C:\wincom\net10projects\ErpWeb.Tests\bin\Debug\net10.0\ErpWeb.Tests.dll" adapterTypeName="executor://xunit/VsTestRunner3/netcore/" className="ErpWeb.Tests.Production.Transaction.ProductionCostReadinessTests" name="Inventory_cost_predicate_matches_non_negative_price_and_nonblank_evidence" />
    </UnitTest>
    <UnitTest name="ErpWeb.Tests.Production.Transaction.ProductionCostReadinessTests.Missing_or_unvalued_or_mismatched_pools_are_invalid" storage="c:\wincom\net10projects\erpweb.tests\bin\debug\net10.0\erpweb.tests.dll" id="f6c52057-6085-36a6-443e-76791dc0e413">
      <Execution id="f6dbd50d-27c1-4676-9b3f-7c080b6b31ef" />
      <TestMethod codeBase="C:\wincom\net10projects\ErpWeb.Tests\bin\Debug\net10.0\ErpWeb.Tests.dll" adapterTypeName="executor://xunit/VsTestRunner3/netcore/" className="ErpWeb.Tests.Production.Transaction.ProductionCostReadinessTests" name="Missing_or_unvalued_or_mismatched_pools_are_invalid" />
    </UnitTest>
    <UnitTest name="ErpWeb.Tests.Production.Transaction.ProductionCostGateTests.Daily_invariant_and_ledger_failures_roll_back" storage="c:\wincom\net10projects\erpweb.tests\bin\debug\net10.0\erpweb.tests.dll" id="8f645098-cbb2-f82f-8e7d-781c9ab70522">
      <Execution id="857e2dac-0ee1-4d12-85b5-68ff823f1772" />
      <TestMethod codeBase="C:\wincom\net10projects\ErpWeb.Tests\bin\Debug\net10.0\ErpWeb.Tests.dll" adapterTypeName="executor://xunit/VsTestRunner3/netcore/" className="ErpWeb.Tests.Production.Transaction.ProductionCostGateTests" name="Daily_invariant_and_ledger_failures_roll_back" />
    </UnitTest>
    <UnitTest name="ErpWeb.Tests.Production.Transaction.ProductionCostReadinessTests.Inventory_cost_predicate_matches_non_negative_price_and_nonblank_evidence(price: 0, evidence: &quot;   &quot;, expected: False)" storage="c:\wincom\net10projects\erpweb.tests\bin\debug\net10.0\erpweb.tests.dll" id="a31dc993-c9ff-c5f0-05fa-6c47f8fd07c8">
      <Execution id="b2cbd4c9-9a70-4ba9-ae18-c5de9bf58246" />
      <TestMethod codeBase="C:\wincom\net10projects\ErpWeb.Tests\bin\Debug\net10.0\ErpWeb.Tests.dll" adapterTypeName="executor://xunit/VsTestRunner3/netcore/" className="ErpWeb.Tests.Production.Transaction.ProductionCostReadinessTests" name="Inventory_cost_predicate_matches_non_negative_price_and_nonblank_evidence" />
    </UnitTest>
    <UnitTest name="ErpWeb.Tests.Production.Transaction.ProductionCostReadinessTests.Inventory_balance_error_identifies_locked_stock_identity" storage="c:\wincom\net10projects\erpweb.tests\bin\debug\net10.0\erpweb.tests.dll" id="c25b5f67-a0e4-cd22-4c1c-e7749eabcc50">
      <Execution id="325d0634-168c-4799-a020-ac5f887d32de" />
      <TestMethod codeBase="C:\wincom\net10projects\ErpWeb.Tests\bin\Debug\net10.0\ErpWeb.Tests.dll" adapterTypeName="executor://xunit/VsTestRunner3/netcore/" className="ErpWeb.Tests.Production.Transaction.ProductionCostReadinessTests" name="Inventory_balance_error_identifies_locked_stock_identity" />
    </UnitTest>
    <UnitTest name="ErpWeb.Tests.Production.Transaction.ProductionCostReadinessTests.Inventory_cost_predicate_matches_non_negative_price_and_nonblank_evidence(price: 0, evidence: &quot;ZERO&quot;, expected: True)" storage="c:\wincom\net10projects\erpweb.tests\bin\debug\net10.0\erpweb.tests.dll" id="0a6897f9-633d-7ab7-9409-a83bafddde21">
      <Execution id="55254e84-bbb1-4053-91a5-34e332730e82" />
      <TestMethod codeBase="C:\wincom\net10projects\ErpWeb.Tests\bin\Debug\net10.0\ErpWeb.Tests.dll" adapterTypeName="executor://xunit/VsTestRunner3/netcore/" className="ErpWeb.Tests.Production.Transaction.ProductionCostReadinessTests" name="Inventory_cost_predicate_matches_non_negative_price_and_nonblank_evidence" />
    </UnitTest>
    <UnitTest name="ErpWeb.Tests.Production.Transaction.ProductionCostReadinessTests.Fg_readiness_requires_verified_pool_and_location" storage="c:\wincom\net10projects\erpweb.tests\bin\debug\net10.0\erpweb.tests.dll" id="2bd53ea4-6c87-fdf7-de35-c59102d1cc63">
      <Execution id="0066395d-f017-46b5-bba6-868d4fd415ad" />
      <TestMethod codeBase="C:\wincom\net10projects\ErpWeb.Tests\bin\Debug\net10.0\ErpWeb.Tests.dll" adapterTypeName="executor://xunit/VsTestRunner3/netcore/" className="ErpWeb.Tests.Production.Transaction.ProductionCostReadinessTests" name="Fg_readiness_requires_verified_pool_and_location" />
    </UnitTest>
    <UnitTest name="ErpWeb.Tests.Production.Transaction.ProductionCostGateTests.Daily_without_active_epoch_fails_before_production_mutation" storage="c:\wincom\net10projects\erpweb.tests\bin\debug\net10.0\erpweb.tests.dll" id="60f60040-0016-f2ff-7c07-1343f5426686">
      <Execution id="786e9338-2742-451f-8464-3afa0fab9167" />
      <TestMethod codeBase="C:\wincom\net10projects\ErpWeb.Tests\bin\Debug\net10.0\ErpWeb.Tests.dll" adapterTypeName="executor://xunit/VsTestRunner3/netcore/" className="ErpWeb.Tests.Production.Transaction.ProductionCostGateTests" name="Daily_without_active_epoch_fails_before_production_mutation" />
    </UnitTest>
    <UnitTest name="ErpWeb.Tests.Production.Transaction.ProductionCostGateTests.Daily_sealed_replay_from_new_draft_is_reconciliation_failure" storage="c:\wincom\net10projects\erpweb.tests\bin\debug\net10.0\erpweb.tests.dll" id="28119c9c-74c0-75c3-652b-82064da0d7df">
      <Execution id="a4f3e262-4db0-4ac1-8c3a-a9eb8c311a7e" />
      <TestMethod codeBase="C:\wincom\net10projects\ErpWeb.Tests\bin\Debug\net10.0\ErpWeb.Tests.dll" adapterTypeName="executor://xunit/VsTestRunner3/netcore/" className="ErpWeb.Tests.Production.Transaction.ProductionCostGateTests" name="Daily_sealed_replay_from_new_draft_is_reconciliation_failure" />
    </UnitTest>
    <UnitTest name="ErpWeb.Tests.Production.Transaction.ProductionCostGateTests.Ip_stock_ledger_exception_is_a_controlled_rollback" storage="c:\wincom\net10projects\erpweb.tests\bin\debug\net10.0\erpweb.tests.dll" id="ec2af765-be90-9a37-9abe-d5b3876408dd">
      <Execution id="98de0e7a-2fe9-4211-8e83-6abb9c542234" />
      <TestMethod codeBase="C:\wincom\net10projects\ErpWeb.Tests\bin\Debug\net10.0\ErpWeb.Tests.dll" adapterTypeName="executor://xunit/VsTestRunner3/netcore/" className="ErpWeb.Tests.Production.Transaction.ProductionCostGateTests" name="Ip_stock_ledger_exception_is_a_controlled_rollback" />
    </UnitTest>
    <UnitTest name="ErpWeb.Tests.Production.Transaction.ProductionCostReadinessTests.Inventory_cost_predicate_matches_non_negative_price_and_nonblank_evidence(price: 1.5, evidence: &quot;TEST_EXPLICIT_COMPANY_BASE_PRICE&quot;, expected: True)" storage="c:\wincom\net10projects\erpweb.tests\bin\debug\net10.0\erpweb.tests.dll" id="82ddd002-58fa-2ffa-c643-2ee8aa90e558">
      <Execution id="bc378e27-38c8-4035-9567-b23d94cc4801" />
      <TestMethod codeBase="C:\wincom\net10projects\ErpWeb.Tests\bin\Debug\net10.0\ErpWeb.Tests.dll" adapterTypeName="executor://xunit/VsTestRunner3/netcore/" className="ErpWeb.Tests.Production.Transaction.ProductionCostReadinessTests" name="Inventory_cost_predicate_matches_non_negative_price_and_nonblank_evidence" />
    </UnitTest>
    <UnitTest name="ErpWeb.Tests.Production.Transaction.ProductionCostGateTests.Ip_rejects_missing_negative_and_blank_cost_evidence_and_allows_evidenced_zero" storage="c:\wincom\net10projects\erpweb.tests\bin\debug\net10.0\erpweb.tests.dll" id="cc85ad70-97b2-3210-5840-13a973c46c34">
      <Execution id="f598e4c0-4f75-443c-a29b-7ebf288ad14d" />
      <TestMethod codeBase="C:\wincom\net10projects\ErpWeb.Tests\bin\Debug\net10.0\ErpWeb.Tests.dll" adapterTypeName="executor://xunit/VsTestRunner3/netcore/" className="ErpWeb.Tests.Production.Transaction.ProductionCostGateTests" name="Ip_rejects_missing_negative_and_blank_cost_evidence_and_allows_evidenced_zero" />
    </UnitTest>
    <UnitTest name="ErpWeb.Tests.Production.Transaction.ProductionCostGateTests.Ip_success_creates_sealed_verified_issue_lineage" storage="c:\wincom\net10projects\erpweb.tests\bin\debug\net10.0\erpweb.tests.dll" id="86b5982a-a15a-4371-0839-3c8a6484f325">
      <Execution id="9b555336-9c10-485c-9d70-afefe99aef57" />
      <TestMethod codeBase="C:\wincom\net10projects\ErpWeb.Tests\bin\Debug\net10.0\ErpWeb.Tests.dll" adapterTypeName="executor://xunit/VsTestRunner3/netcore/" className="ErpWeb.Tests.Production.Transaction.ProductionCostGateTests" name="Ip_success_creates_sealed_verified_issue_lineage" />
    </UnitTest>
    <UnitTest name="ErpWeb.Tests.Production.Transaction.ProductionCostGateTests.Ip_sealed_replay_from_new_draft_is_reconciliation_failure" storage="c:\wincom\net10projects\erpweb.tests\bin\debug\net10.0\erpweb.tests.dll" id="c2ef6b0b-3c40-2efe-eab0-13bba5b57a00">
      <Execution id="f2dec488-8fd7-41fb-aa96-ca0aad74553f" />
      <TestMethod codeBase="C:\wincom\net10projects\ErpWeb.Tests\bin\Debug\net10.0\ErpWeb.Tests.dll" adapterTypeName="executor://xunit/VsTestRunner3/netcore/" className="ErpWeb.Tests.Production.Transaction.ProductionCostGateTests" name="Ip_sealed_replay_from_new_draft_is_reconciliation_failure" />
    </UnitTest>
    <UnitTest name="ErpWeb.Tests.Production.Transaction.ProductionCostGateTests.Daily_success_creates_sealed_verified_consume_and_produce_lineage" storage="c:\wincom\net10projects\erpweb.tests\bin\debug\net10.0\erpweb.tests.dll" id="28c4a2b7-4036-9d4a-9576-da6e55e6c551">
      <Execution id="6fe6a80d-a759-4d0a-a495-466805b836f2" />
      <TestMethod codeBase="C:\wincom\net10projects\ErpWeb.Tests\bin\Debug\net10.0\ErpWeb.Tests.dll" adapterTypeName="executor://xunit/VsTestRunner3/netcore/" className="ErpWeb.Tests.Production.Transaction.ProductionCostGateTests" name="Daily_success_creates_sealed_verified_consume_and_produce_lineage" />
    </UnitTest>
    <UnitTest name="ErpWeb.Tests.Production.Transaction.ProductionCostReadinessTests.Inventory_cost_predicate_matches_non_negative_price_and_nonblank_evidence(price: 1.5, evidence: &quot;   &quot;, expected: False)" storage="c:\wincom\net10projects\erpweb.tests\bin\debug\net10.0\erpweb.tests.dll" id="cc8eebd0-db2a-d1e4-e01c-684f1876c478">
      <Execution id="5b36b94a-f587-45d5-8c69-27b5de617ae8" />
      <TestMethod codeBase="C:\wincom\net10projects\ErpWeb.Tests\bin\Debug\net10.0\ErpWeb.Tests.dll" adapterTypeName="executor://xunit/VsTestRunner3/netcore/" className="ErpWeb.Tests.Production.Transaction.ProductionCostReadinessTests" name="Inventory_cost_predicate_matches_non_negative_price_and_nonblank_evidence" />
    </UnitTest>
    <UnitTest name="ErpWeb.Tests.Production.Transaction.ProductionCostReadinessTests.Inventory_cost_predicate_matches_non_negative_price_and_nonblank_evidence(price: null, evidence: &quot;EVIDENCE&quot;, expected: False)" storage="c:\wincom\net10projects\erpweb.tests\bin\debug\net10.0\erpweb.tests.dll" id="0f5472bf-9166-9c30-d93f-3afb32a34c53">
      <Execution id="457353ac-3abf-4dcf-b2af-8c27fadbdeef" />
      <TestMethod codeBase="C:\wincom\net10projects\ErpWeb.Tests\bin\Debug\net10.0\ErpWeb.Tests.dll" adapterTypeName="executor://xunit/VsTestRunner3/netcore/" className="ErpWeb.Tests.Production.Transaction.ProductionCostReadinessTests" name="Inventory_cost_predicate_matches_non_negative_price_and_nonblank_evidence" />
    </UnitTest>
  </TestDefinitions>
  <TestEntries>
    <TestEntry testId="28119c9c-74c0-75c3-652b-82064da0d7df" executionId="a4f3e262-4db0-4ac1-8c3a-a9eb8c311a7e" testListId="8c84fa94-04c1-424b-9868-57a2d4851a1d" />
    <TestEntry testId="c2ef6b0b-3c40-2efe-eab0-13bba5b57a00" executionId="f2dec488-8fd7-41fb-aa96-ca0aad74553f" testListId="8c84fa94-04c1-424b-9868-57a2d4851a1d" />
    <TestEntry testId="60f60040-0016-f2ff-7c07-1343f5426686" executionId="786e9338-2742-451f-8464-3afa0fab9167" testListId="8c84fa94-04c1-424b-9868-57a2d4851a1d" />
    <TestEntry testId="a31dc993-c9ff-c5f0-05fa-6c47f8fd07c8" executionId="b2cbd4c9-9a70-4ba9-ae18-c5de9bf58246" testListId="8c84fa94-04c1-424b-9868-57a2d4851a1d" />
    <TestEntry testId="ec2af765-be90-9a37-9abe-d5b3876408dd" executionId="98de0e7a-2fe9-4211-8e83-6abb9c542234" testListId="8c84fa94-04c1-424b-9868-57a2d4851a1d" />
    <TestEntry testId="86b5982a-a15a-4371-0839-3c8a6484f325" executionId="9b555336-9c10-485c-9d70-afefe99aef57" testListId="8c84fa94-04c1-424b-9868-57a2d4851a1d" />
    <TestEntry testId="b89b7cbc-9dae-97f3-6eb0-1a451c06298b" executionId="f952300b-84a7-4489-81c7-2271b511a289" testListId="8c84fa94-04c1-424b-9868-57a2d4851a1d" />
    <TestEntry testId="c25b5f67-a0e4-cd22-4c1c-e7749eabcc50" executionId="325d0634-168c-4799-a020-ac5f887d32de" testListId="8c84fa94-04c1-424b-9868-57a2d4851a1d" />
    <TestEntry testId="2bd53ea4-6c87-fdf7-de35-c59102d1cc63" executionId="0066395d-f017-46b5-bba6-868d4fd415ad" testListId="8c84fa94-04c1-424b-9868-57a2d4851a1d" />
    <TestEntry testId="e8cb9e66-4736-4a44-f31f-e58b8fbfb733" executionId="b2f5f589-fa5e-4540-bbdd-6da28dc07ae1" testListId="8c84fa94-04c1-424b-9868-57a2d4851a1d" />
    <TestEntry testId="0f5472bf-9166-9c30-d93f-3afb32a34c53" executionId="457353ac-3abf-4dcf-b2af-8c27fadbdeef" testListId="8c84fa94-04c1-424b-9868-57a2d4851a1d" />
    <TestEntry testId="06189a49-8f3a-cb4c-3f36-d9a33334d06a" executionId="76936189-7ede-45b2-aa47-2dc41ea4c257" testListId="8c84fa94-04c1-424b-9868-57a2d4851a1d" />
    <TestEntry testId="cc85ad70-97b2-3210-5840-13a973c46c34" executionId="f598e4c0-4f75-443c-a29b-7ebf288ad14d" testListId="8c84fa94-04c1-424b-9868-57a2d4851a1d" />
    <TestEntry testId="2cfad309-4758-20b6-28bf-822bde5c07b2" executionId="1bf43ea6-bc17-40ec-8fbf-bb48e4556394" testListId="8c84fa94-04c1-424b-9868-57a2d4851a1d" />
    <TestEntry testId="cc8eebd0-db2a-d1e4-e01c-684f1876c478" executionId="5b36b94a-f587-45d5-8c69-27b5de617ae8" testListId="8c84fa94-04c1-424b-9868-57a2d4851a1d" />
    <TestEntry testId="abfe00f1-96c3-270d-31ad-3d86571ceff0" executionId="5cc410bd-d8f8-4710-ad1b-360137958d58" testListId="8c84fa94-04c1-424b-9868-57a2d4851a1d" />
    <TestEntry testId="6859bdad-fd37-d987-0a0d-eef083a81dc4" executionId="b13ec89b-86be-4640-ba7b-5fe54c962859" testListId="8c84fa94-04c1-424b-9868-57a2d4851a1d" />
    <TestEntry testId="b5795a25-663a-1624-8e48-fb246cdb1d5f" executionId="2175c45d-6c9d-4a1b-ab18-7d9dbf8abec0" testListId="8c84fa94-04c1-424b-9868-57a2d4851a1d" />
    <TestEntry testId="8f645098-cbb2-f82f-8e7d-781c9ab70522" executionId="857e2dac-0ee1-4d12-85b5-68ff823f1772" testListId="8c84fa94-04c1-424b-9868-57a2d4851a1d" />
    <TestEntry testId="82ddd002-58fa-2ffa-c643-2ee8aa90e558" executionId="bc378e27-38c8-4035-9567-b23d94cc4801" testListId="8c84fa94-04c1-424b-9868-57a2d4851a1d" />
    <TestEntry testId="0a6897f9-633d-7ab7-9409-a83bafddde21" executionId="55254e84-bbb1-4053-91a5-34e332730e82" testListId="8c84fa94-04c1-424b-9868-57a2d4851a1d" />
    <TestEntry testId="28c4a2b7-4036-9d4a-9576-da6e55e6c551" executionId="6fe6a80d-a759-4d0a-a495-466805b836f2" testListId="8c84fa94-04c1-424b-9868-57a2d4851a1d" />
    <TestEntry testId="f6c52057-6085-36a6-443e-76791dc0e413" executionId="f6dbd50d-27c1-4676-9b3f-7c080b6b31ef" testListId="8c84fa94-04c1-424b-9868-57a2d4851a1d" />
  </TestEntries>
  <TestLists>
    <TestList name="Results Not in a List" id="8c84fa94-04c1-424b-9868-57a2d4851a1d" />
    <TestList name="All Loaded Results" id="19431567-8539-422a-85d7-44ee4e166bda" />
  </TestLists>
  <ResultSummary outcome="Completed">
    <Counters total="23" executed="23" passed="23" failed="0" error="0" timeout="0" aborted="0" inconclusive="0" passedButRunAborted="0" notRunnable="0" notExecuted="0" disconnected="0" warning="0" completed="0" inProgress="0" pending="0" />
    <Output>
      <StdOut>[xUnit.net 00:00:00.00] xUnit.net VSTest Adapter v3.1.4+50e68bbb8b (64-bit .NET 10.0.12)&#xD;
[xUnit.net 00:00:01.49]   Discovering: ErpWeb.Tests&#xD;
[xUnit.net 00:00:02.02]   Discovered:  ErpWeb.Tests&#xD;
[xUnit.net 00:00:02.09]   Starting:    ErpWeb.Tests&#xD;
[xUnit.net 00:00:18.49]   Finished:    ErpWeb.Tests&#xD;
</StdOut>
    </Output>
  </ResultSummary>
</TestRun>