<?xml version="1.0" encoding="utf-8"?>
<TestRun id="643f5cf0-5de8-4b38-844a-f8083bccf1b9" name="Mokth@MOKTH 2026-10-05 16:11:31" runUser="MOKTH\Mokth" xmlns="http://microsoft.com/schemas/VisualStudio/TeamTest/2010">
  <Times creation="2026-10-05T16:11:31.7641563+08:00" queuing="2026-10-05T16:11:31.7641568+08:00" start="2026-10-05T16:11:30.8296147+08:00" finish="2026-10-05T16:11:31.8055102+08:00" />
  <TestSettings name="default" id="0df8dd96-7fb7-4413-917a-0d12a459ee08">
    <Deployment runDeploymentRoot="Mokth_MOKTH_2026-10-05_16_11_31" />
  </TestSettings>
  <Results>
    <UnitTestResult executionId="72d7f698-6c9f-40ae-a71f-c579f36dfa1b" testId="f8fa7cb8-c6c4-b9bb-3bb2-3de4cbac77c7" testName="ErpWeb.Tests.Production.Transaction.FinishedGoodReceiptSqlServerTests.All_draft_edits_invalidate_stale_clients_and_restrict_costs" computerName="MOKTH" duration="00:00:00.0012956" startTime="2026-10-05T16:11:31.7239160+08:00" endTime="2026-10-05T16:11:31.7239452+08:00" testType="13cdc9d9-ddb5-4fa4-a97d-d965ccfc6d4b" outcome="Passed" testListId="8c84fa94-04c1-424b-9868-57a2d4851a1d" relativeResultsDirectory="72d7f698-6c9f-40ae-a71f-c579f36dfa1b" />
    <UnitTestResult executionId="e7a357be-27f6-4162-ad40-831068ff3dd4" testId="8eefb9b7-90c6-d8d4-6978-c75a381ca176" testName="ErpWeb.Tests.Production.Transaction.FinishedGoodReceiptSqlServerTests.List_search_summary_and_posting_flag_are_document_owned" computerName="MOKTH" duration="00:00:00.0081002" startTime="2026-10-05T16:11:31.6694999+08:00" endTime="2026-10-05T16:11:31.6855600+08:00" testType="13cdc9d9-ddb5-4fa4-a97d-d965ccfc6d4b" outcome="Passed" testListId="8c84fa94-04c1-424b-9868-57a2d4851a1d" relativeResultsDirectory="e7a357be-27f6-4162-ad40-831068ff3dd4" />
    <UnitTestResult executionId="32e6d3e5-b705-4527-9ec4-621b80c01803" testId="7b4c2b40-abec-2aaf-a3a1-359134c35e62" testName="ErpWeb.Tests.Production.Transaction.FinishedGoodReceiptSqlServerTests.Partial_receipt_replay_exact_history_reversal_and_correction" computerName="MOKTH" duration="00:00:00.0028228" startTime="2026-10-05T16:11:31.7224853+08:00" endTime="2026-10-05T16:11:31.7235789+08:00" testType="13cdc9d9-ddb5-4fa4-a97d-d965ccfc6d4b" outcome="Passed" testListId="8c84fa94-04c1-424b-9868-57a2d4851a1d" relativeResultsDirectory="32e6d3e5-b705-4527-9ec4-621b80c01803" />
    <UnitTestResult executionId="48c6e121-cc6c-43da-b0a9-188e6e4366ae" testId="c5934314-6acd-cf3a-d228-f9219e8a9f50" testName="ErpWeb.Tests.Production.Transaction.ProductionStockLedgerSqlServerTests.SqlServer_active_write_guard_returns_51011_without_context_and_allows_same_session_ef_updates" computerName="MOKTH" duration="00:00:00.0125609" startTime="2026-10-05T16:11:31.6707033+08:00" endTime="2026-10-05T16:11:31.6966145+08:00" testType="13cdc9d9-ddb5-4fa4-a97d-d965ccfc6d4b" outcome="Passed" testListId="8c84fa94-04c1-424b-9868-57a2d4851a1d" relativeResultsDirectory="48c6e121-cc6c-43da-b0a9-188e6e4366ae" />
    <UnitTestResult executionId="10a607d7-d6fd-40fe-876e-9ce1e5355ace" testId="b681882e-a377-8382-5097-1a317af879ec" testName="ErpWeb.Tests.Production.Transaction.ProductionStockLedgerSqlServerTests.SqlServer_ledger_scripts_are_rerunnable_without_replacing_current_movement_constraint" computerName="MOKTH" duration="00:00:00.0010590" startTime="2026-10-05T16:11:31.6969349+08:00" endTime="2026-10-05T16:11:31.6970261+08:00" testType="13cdc9d9-ddb5-4fa4-a97d-d965ccfc6d4b" outcome="Passed" testListId="8c84fa94-04c1-424b-9868-57a2d4851a1d" relativeResultsDirectory="10a607d7-d6fd-40fe-876e-9ce1e5355ace" />
    <UnitTestResult executionId="4775b632-f35a-4623-9d9a-c7f4574a9bbc" testId="d12d69c6-5f5b-e51c-2d88-392fdcaae2d3" testName="ErpWeb.Tests.Production.Transaction.FinishedGoodReceiptSqlServerTests.Inactive_saved_destination_is_rejected_until_replaced" computerName="MOKTH" duration="00:00:00.0015163" startTime="2026-10-05T16:11:31.6969988+08:00" endTime="2026-10-05T16:11:31.6970633+08:00" testType="13cdc9d9-ddb5-4fa4-a97d-d965ccfc6d4b" outcome="Passed" testListId="8c84fa94-04c1-424b-9868-57a2d4851a1d" relativeResultsDirectory="4775b632-f35a-4623-9d9a-c7f4574a9bbc" />
    <UnitTestResult executionId="b838b46c-5545-42a9-b438-8e8cdae5d948" testId="642cd6ad-aba9-a51e-0a23-aa47f69f1ffc" testName="ErpWeb.Tests.Production.Transaction.FinishedGoodReceiptSqlServerTests.Concurrent_source_competition_and_lost_response_duplicate_requests" computerName="MOKTH" duration="00:00:00.0014724" startTime="2026-10-05T16:11:31.6965799+08:00" endTime="2026-10-05T16:11:31.6967105+08:00" testType="13cdc9d9-ddb5-4fa4-a97d-d965ccfc6d4b" outcome="Passed" testListId="8c84fa94-04c1-424b-9868-57a2d4851a1d" relativeResultsDirectory="b838b46c-5545-42a9-b438-8e8cdae5d948" />
    <UnitTestResult executionId="bcc15dff-6556-4095-9c07-d4709290f12b" testId="d6b3a08d-73dc-c99a-0742-998f3338238e" testName="ErpWeb.Tests.Production.Transaction.FinishedGoodReceiptSqlServerTests.Period_close_and_post_share_the_branch_lock" computerName="MOKTH" duration="00:00:00.0010819" startTime="2026-10-05T16:11:31.7241609+08:00" endTime="2026-10-05T16:11:31.7241846+08:00" testType="13cdc9d9-ddb5-4fa4-a97d-d965ccfc6d4b" outcome="Passed" testListId="8c84fa94-04c1-424b-9868-57a2d4851a1d" relativeResultsDirectory="bcc15dff-6556-4095-9c07-d4709290f12b" />
    <UnitTestResult executionId="01ae470a-43cd-461e-a9fd-1f3be16ef2b5" testId="0604c037-d40c-e4d7-f839-de9872f15d2d" testName="ErpWeb.Tests.Production.Transaction.FinishedGoodReceiptSqlServerTests.Separate_drafts_do_not_reserve_the_same_source" computerName="MOKTH" duration="00:00:00.0004294" startTime="2026-10-05T16:11:31.7259846+08:00" endTime="2026-10-05T16:11:31.7260120+08:00" testType="13cdc9d9-ddb5-4fa4-a97d-d965ccfc6d4b" outcome="Passed" testListId="8c84fa94-04c1-424b-9868-57a2d4851a1d" relativeResultsDirectory="01ae470a-43cd-461e-a9fd-1f3be16ef2b5" />
    <UnitTestResult executionId="eb64ece9-b22c-4246-8dda-9db52920fbe4" testId="bc4479d4-53ac-cfe7-4d0f-16cb87fef943" testName="ErpWeb.Tests.Production.Transaction.FinishedGoodReceiptSqlServerTests.Source_filter_options_and_exact_search_use_eligible_sources_only" computerName="MOKTH" duration="00:00:00.0017259" startTime="2026-10-05T16:11:31.6960584+08:00" endTime="2026-10-05T16:11:31.6961175+08:00" testType="13cdc9d9-ddb5-4fa4-a97d-d965ccfc6d4b" outcome="Passed" testListId="8c84fa94-04c1-424b-9868-57a2d4851a1d" relativeResultsDirectory="eb64ece9-b22c-4246-8dda-9db52920fbe4" />
    <UnitTestResult executionId="665d533a-e394-4b56-a1ac-db8fa20caa98" testId="3e2930f0-3c22-f063-1b8b-7c99d4a93063" testName="ErpWeb.Tests.Production.Transaction.FinishedGoodReceiptSqlServerTests.Failure_after_both_stock_legs_leaves_no_partial_facts_or_lot_ownership" computerName="MOKTH" duration="00:00:00.0022616" startTime="2026-10-05T16:11:31.6967599+08:00" endTime="2026-10-05T16:11:31.6969136+08:00" testType="13cdc9d9-ddb5-4fa4-a97d-d965ccfc6d4b" outcome="Passed" testListId="8c84fa94-04c1-424b-9868-57a2d4851a1d" relativeResultsDirectory="665d533a-e394-4b56-a1ac-db8fa20caa98" />
    <UnitTestResult executionId="a2cfc704-b196-47b3-93e5-9cbcc8e90121" testId="2da67c7c-bfbf-3945-09c2-daec0306897d" testName="ErpWeb.Tests.Production.Transaction.FinishedGoodReceiptSqlServerTests.Missing_production_location_is_not_ready_and_cannot_post" computerName="MOKTH" duration="00:00:00.0010153" startTime="2026-10-05T16:11:31.7243221+08:00" endTime="2026-10-05T16:11:31.7243460+08:00" testType="13cdc9d9-ddb5-4fa4-a97d-d965ccfc6d4b" outcome="Passed" testListId="8c84fa94-04c1-424b-9868-57a2d4851a1d" relativeResultsDirectory="a2cfc704-b196-47b3-93e5-9cbcc8e90121" />
    <UnitTestResult executionId="8c9a08f5-fa5a-4c7b-be64-eb676915e2b3" testId="7a8003a1-2d34-74dd-07b3-41443250e4f6" testName="ErpWeb.Tests.Production.Transaction.ProductionStockLedgerSqlServerTests.SqlServer_coordinator_replays_and_rejects_concurrent_duplicate_revision" computerName="MOKTH" duration="00:00:00.0023558" startTime="2026-10-05T16:11:31.6966880+08:00" endTime="2026-10-05T16:11:31.6967809+08:00" testType="13cdc9d9-ddb5-4fa4-a97d-d965ccfc6d4b" outcome="Passed" testListId="8c84fa94-04c1-424b-9868-57a2d4851a1d" relativeResultsDirectory="8c9a08f5-fa5a-4c7b-be64-eb676915e2b3" />
    <UnitTestResult executionId="163ad7ec-1276-4cef-8cbf-4d20894ef1c6" testId="c504ac79-7d7e-1fc3-8dd1-eabfb250b130" testName="ErpWeb.Tests.Production.Transaction.FinishedGoodReceiptSqlServerTests.Save_maps_product_codes_grouped_qty_and_non_lot_expiry" computerName="MOKTH" duration="00:00:00.0016061" startTime="2026-10-05T16:11:31.7242412+08:00" endTime="2026-10-05T16:11:31.7242657+08:00" testType="13cdc9d9-ddb5-4fa4-a97d-d965ccfc6d4b" outcome="Passed" testListId="8c84fa94-04c1-424b-9868-57a2d4851a1d" relativeResultsDirectory="163ad7ec-1276-4cef-8cbf-4d20894ef1c6" />
    <UnitTestResult executionId="ecf4694c-3537-472e-b3f4-37d33158a372" testId="5ac5b7b5-e1a0-e1c8-00ac-7dfd859ef08b" testName="ErpWeb.Tests.Production.Transaction.ProductionStockLedgerSqlServerTests.SqlServer_seal_triggers_reject_existing_and_new_facts_for_a_prepared_branch" computerName="MOKTH" duration="00:00:00.0009480" startTime="2026-10-05T16:11:31.6968285+08:00" endTime="2026-10-05T16:11:31.6968490+08:00" testType="13cdc9d9-ddb5-4fa4-a97d-d965ccfc6d4b" outcome="Passed" testListId="8c84fa94-04c1-424b-9868-57a2d4851a1d" relativeResultsDirectory="ecf4694c-3537-472e-b3f4-37d33158a372" />
    <UnitTestResult executionId="bc484ee3-c467-4332-ba01-3e6cc1c2a382" testId="34a43747-459d-8e6f-9fcf-2c29f4b7fc8a" testName="ErpWeb.Tests.Production.Transaction.FinishedGoodReceiptSqlServerTests.Lot_controlled_source_defaults_and_keeps_destination_lot" computerName="MOKTH" duration="00:00:00.0009956" startTime="2026-10-05T16:11:31.7240807+08:00" endTime="2026-10-05T16:11:31.7241033+08:00" testType="13cdc9d9-ddb5-4fa4-a97d-d965ccfc6d4b" outcome="Passed" testListId="8c84fa94-04c1-424b-9868-57a2d4851a1d" relativeResultsDirectory="bc484ee3-c467-4332-ba01-3e6cc1c2a382" />
    <UnitTestResult executionId="0c27810e-81ec-4a0b-a311-eaa6b457c5eb" testId="d80ff531-54aa-3213-4113-a0cab2c50296" testName="ErpWeb.Tests.Production.Transaction.FinishedGoodReceiptSqlServerTests.Matching_lot_topups_inherit_expiry_and_ordered_reversals_restore_price" computerName="MOKTH" duration="00:00:00.0012794" startTime="2026-10-05T16:11:31.7244048+08:00" endTime="2026-10-05T16:11:31.7244287+08:00" testType="13cdc9d9-ddb5-4fa4-a97d-d965ccfc6d4b" outcome="Passed" testListId="8c84fa94-04c1-424b-9868-57a2d4851a1d" relativeResultsDirectory="0c27810e-81ec-4a0b-a311-eaa6b457c5eb" />
    <UnitTestResult executionId="27a5bd47-fb4d-4d91-b4fa-1bd2969d5d35" testId="67dbacc1-b17d-6a3d-bb84-380bf11af2b5" testName="ErpWeb.Tests.Production.Transaction.FinishedGoodReceiptSqlServerTests.Source_filter_options_can_scope_to_a_locked_work_order" computerName="MOKTH" duration="00:00:00.0018467" startTime="2026-10-05T16:11:31.7240005+08:00" endTime="2026-10-05T16:11:31.7240280+08:00" testType="13cdc9d9-ddb5-4fa4-a97d-d965ccfc6d4b" outcome="Passed" testListId="8c84fa94-04c1-424b-9868-57a2d4851a1d" relativeResultsDirectory="27a5bd47-fb4d-4d91-b4fa-1bd2969d5d35" />
    <UnitTestResult executionId="0431409d-866a-4dc4-b197-877b51b23392" testId="df54d162-9f46-1089-616b-8f8335e4e6a5" testName="ErpWeb.Tests.Production.Transaction.FinishedGoodReceiptSqlServerTests.Unknown_pool_cannot_be_cleansed_by_verified_replenishment" computerName="MOKTH" duration="00:00:00.0009276" startTime="2026-10-05T16:11:31.7258421+08:00" endTime="2026-10-05T16:11:31.7258864+08:00" testType="13cdc9d9-ddb5-4fa4-a97d-d965ccfc6d4b" outcome="Passed" testListId="8c84fa94-04c1-424b-9868-57a2d4851a1d" relativeResultsDirectory="0431409d-866a-4dc4-b197-877b51b23392" />
    <UnitTestResult executionId="d44ce03d-554d-41f7-841a-26d4cceffbbe" testId="a31f5654-60a3-532c-ef62-12c43bfd31d4" testName="ErpWeb.Tests.Production.Transaction.FinishedGoodReceiptSqlServerTests.Cross_branch_creation_serializes_company_wide_lot_identity" computerName="MOKTH" duration="00:00:00.0013667" startTime="2026-10-05T16:11:31.7238133+08:00" endTime="2026-10-05T16:11:31.7238480+08:00" testType="13cdc9d9-ddb5-4fa4-a97d-d965ccfc6d4b" outcome="Passed" testListId="8c84fa94-04c1-424b-9868-57a2d4851a1d" relativeResultsDirectory="d44ce03d-554d-41f7-841a-26d4cceffbbe" />
    <UnitTestResult executionId="eb6c4c73-3ef0-4958-87f0-45a96ac73256" testId="7d687054-76b1-6f38-4f4e-729396760504" testName="ErpWeb.Tests.Production.Transaction.FinishedGoodReceiptSqlServerTests.Destination_location_is_branch_scoped" computerName="MOKTH" duration="00:00:00.0010454" startTime="2026-10-05T16:11:31.7260690+08:00" endTime="2026-10-05T16:11:31.7260958+08:00" testType="13cdc9d9-ddb5-4fa4-a97d-d965ccfc6d4b" outcome="Passed" testListId="8c84fa94-04c1-424b-9868-57a2d4851a1d" relativeResultsDirectory="eb6c4c73-3ef0-4958-87f0-45a96ac73256" />
  </Results>
  <TestDefinitions>
    <UnitTest name="ErpWeb.Tests.Production.Transaction.FinishedGoodReceiptSqlServerTests.Destination_location_is_branch_scoped" storage="c:\wincom\net10projects\erpweb.tests\bin\debug\net10.0\erpweb.tests.dll" id="7d687054-76b1-6f38-4f4e-729396760504">
      <Execution id="eb6c4c73-3ef0-4958-87f0-45a96ac73256" />
      <TestMethod codeBase="C:\wincom\net10projects\ErpWeb.Tests\bin\Debug\net10.0\ErpWeb.Tests.dll" adapterTypeName="executor://xunit/VsTestRunner3/netcore/" className="ErpWeb.Tests.Production.Transaction.FinishedGoodReceiptSqlServerTests" name="Destination_location_is_branch_scoped" />
    </UnitTest>
    <UnitTest name="ErpWeb.Tests.Production.Transaction.FinishedGoodReceiptSqlServerTests.Source_filter_options_can_scope_to_a_locked_work_order" storage="c:\wincom\net10projects\erpweb.tests\bin\debug\net10.0\erpweb.tests.dll" id="67dbacc1-b17d-6a3d-bb84-380bf11af2b5">
      <Execution id="27a5bd47-fb4d-4d91-b4fa-1bd2969d5d35" />
      <TestMethod codeBase="C:\wincom\net10projects\ErpWeb.Tests\bin\Debug\net10.0\ErpWeb.Tests.dll" adapterTypeName="executor://xunit/VsTestRunner3/netcore/" className="ErpWeb.Tests.Production.Transaction.FinishedGoodReceiptSqlServerTests" name="Source_filter_options_can_scope_to_a_locked_work_order" />
    </UnitTest>
    <UnitTest name="ErpWeb.Tests.Production.Transaction.FinishedGoodReceiptSqlServerTests.Unknown_pool_cannot_be_cleansed_by_verified_replenishment" storage="c:\wincom\net10projects\erpweb.tests\bin\debug\net10.0\erpweb.tests.dll" id="df54d162-9f46-1089-616b-8f8335e4e6a5">
      <Execution id="0431409d-866a-4dc4-b197-877b51b23392" />
      <TestMethod codeBase="C:\wincom\net10projects\ErpWeb.Tests\bin\Debug\net10.0\ErpWeb.Tests.dll" adapterTypeName="executor://xunit/VsTestRunner3/netcore/" className="ErpWeb.Tests.Production.Transaction.FinishedGoodReceiptSqlServerTests" name="Unknown_pool_cannot_be_cleansed_by_verified_replenishment" />
    </UnitTest>
    <UnitTest name="ErpWeb.Tests.Production.Transaction.FinishedGoodReceiptSqlServerTests.Partial_receipt_replay_exact_history_reversal_and_correction" storage="c:\wincom\net10projects\erpweb.tests\bin\debug\net10.0\erpweb.tests.dll" id="7b4c2b40-abec-2aaf-a3a1-359134c35e62">
      <Execution id="32e6d3e5-b705-4527-9ec4-621b80c01803" />
      <TestMethod codeBase="C:\wincom\net10projects\ErpWeb.Tests\bin\Debug\net10.0\ErpWeb.Tests.dll" adapterTypeName="executor://xunit/VsTestRunner3/netcore/" className="ErpWeb.Tests.Production.Transaction.FinishedGoodReceiptSqlServerTests" name="Partial_receipt_replay_exact_history_reversal_and_correction" />
    </UnitTest>
    <UnitTest name="ErpWeb.Tests.Production.Transaction.FinishedGoodReceiptSqlServerTests.List_search_summary_and_posting_flag_are_document_owned" storage="c:\wincom\net10projects\erpweb.tests\bin\debug\net10.0\erpweb.tests.dll" id="8eefb9b7-90c6-d8d4-6978-c75a381ca176">
      <Execution id="e7a357be-27f6-4162-ad40-831068ff3dd4" />
      <TestMethod codeBase="C:\wincom\net10projects\ErpWeb.Tests\bin\Debug\net10.0\ErpWeb.Tests.dll" adapterTypeName="executor://xunit/VsTestRunner3/netcore/" className="ErpWeb.Tests.Production.Transaction.FinishedGoodReceiptSqlServerTests" name="List_search_summary_and_posting_flag_are_document_owned" />
    </UnitTest>
    <UnitTest name="ErpWeb.Tests.Production.Transaction.FinishedGoodReceiptSqlServerTests.Inactive_saved_destination_is_rejected_until_replaced" storage="c:\wincom\net10projects\erpweb.tests\bin\debug\net10.0\erpweb.tests.dll" id="d12d69c6-5f5b-e51c-2d88-392fdcaae2d3">
      <Execution id="4775b632-f35a-4623-9d9a-c7f4574a9bbc" />
      <TestMethod codeBase="C:\wincom\net10projects\ErpWeb.Tests\bin\Debug\net10.0\ErpWeb.Tests.dll" adapterTypeName="executor://xunit/VsTestRunner3/netcore/" className="ErpWeb.Tests.Production.Transaction.FinishedGoodReceiptSqlServerTests" name="Inactive_saved_destination_is_rejected_until_replaced" />
    </UnitTest>
    <UnitTest name="ErpWeb.Tests.Production.Transaction.FinishedGoodReceiptSqlServerTests.Lot_controlled_source_defaults_and_keeps_destination_lot" storage="c:\wincom\net10projects\erpweb.tests\bin\debug\net10.0\erpweb.tests.dll" id="34a43747-459d-8e6f-9fcf-2c29f4b7fc8a">
      <Execution id="bc484ee3-c467-4332-ba01-3e6cc1c2a382" />
      <TestMethod codeBase="C:\wincom\net10projects\ErpWeb.Tests\bin\Debug\net10.0\ErpWeb.Tests.dll" adapterTypeName="executor://xunit/VsTestRunner3/netcore/" className="ErpWeb.Tests.Production.Transaction.FinishedGoodReceiptSqlServerTests" name="Lot_controlled_source_defaults_and_keeps_destination_lot" />
    </UnitTest>
    <UnitTest name="ErpWeb.Tests.Production.Transaction.ProductionStockLedgerSqlServerTests.SqlServer_seal_triggers_reject_existing_and_new_facts_for_a_prepared_branch" storage="c:\wincom\net10projects\erpweb.tests\bin\debug\net10.0\erpweb.tests.dll" id="5ac5b7b5-e1a0-e1c8-00ac-7dfd859ef08b">
      <Execution id="ecf4694c-3537-472e-b3f4-37d33158a372" />
      <TestMethod codeBase="C:\wincom\net10projects\ErpWeb.Tests\bin\Debug\net10.0\ErpWeb.Tests.dll" adapterTypeName="executor://xunit/VsTestRunner3/netcore/" className="ErpWeb.Tests.Production.Transaction.ProductionStockLedgerSqlServerTests" name="SqlServer_seal_triggers_reject_existing_and_new_facts_for_a_prepared_branch" />
    </UnitTest>
    <UnitTest name="ErpWeb.Tests.Production.Transaction.ProductionStockLedgerSqlServerTests.SqlServer_active_write_guard_returns_51011_without_context_and_allows_same_session_ef_updates" storage="c:\wincom\net10projects\erpweb.tests\bin\debug\net10.0\erpweb.tests.dll" id="c5934314-6acd-cf3a-d228-f9219e8a9f50">
      <Execution id="48c6e121-cc6c-43da-b0a9-188e6e4366ae" />
      <TestMethod codeBase="C:\wincom\net10projects\ErpWeb.Tests\bin\Debug\net10.0\ErpWeb.Tests.dll" adapterTypeName="executor://xunit/VsTestRunner3/netcore/" className="ErpWeb.Tests.Production.Transaction.ProductionStockLedgerSqlServerTests" name="SqlServer_active_write_guard_returns_51011_without_context_and_allows_same_session_ef_updates" />
    </UnitTest>
    <UnitTest name="ErpWeb.Tests.Production.Transaction.FinishedGoodReceiptSqlServerTests.Source_filter_options_and_exact_search_use_eligible_sources_only" storage="c:\wincom\net10projects\erpweb.tests\bin\debug\net10.0\erpweb.tests.dll" id="bc4479d4-53ac-cfe7-4d0f-16cb87fef943">
      <Execution id="eb64ece9-b22c-4246-8dda-9db52920fbe4" />
      <TestMethod codeBase="C:\wincom\net10projects\ErpWeb.Tests\bin\Debug\net10.0\ErpWeb.Tests.dll" adapterTypeName="executor://xunit/VsTestRunner3/netcore/" className="ErpWeb.Tests.Production.Transaction.FinishedGoodReceiptSqlServerTests" name="Source_filter_options_and_exact_search_use_eligible_sources_only" />
    </UnitTest>
    <UnitTest name="ErpWeb.Tests.Production.Transaction.FinishedGoodReceiptSqlServerTests.Matching_lot_topups_inherit_expiry_and_ordered_reversals_restore_price" storage="c:\wincom\net10projects\erpweb.tests\bin\debug\net10.0\erpweb.tests.dll" id="d80ff531-54aa-3213-4113-a0cab2c50296">
      <Execution id="0c27810e-81ec-4a0b-a311-eaa6b457c5eb" />
      <TestMethod codeBase="C:\wincom\net10projects\ErpWeb.Tests\bin\Debug\net10.0\ErpWeb.Tests.dll" adapterTypeName="executor://xunit/VsTestRunner3/netcore/" className="ErpWeb.Tests.Production.Transaction.FinishedGoodReceiptSqlServerTests" name="Matching_lot_topups_inherit_expiry_and_ordered_reversals_restore_price" />
    </UnitTest>
    <UnitTest name="ErpWeb.Tests.Production.Transaction.FinishedGoodReceiptSqlServerTests.Failure_after_both_stock_legs_leaves_no_partial_facts_or_lot_ownership" storage="c:\wincom\net10projects\erpweb.tests\bin\debug\net10.0\erpweb.tests.dll" id="3e2930f0-3c22-f063-1b8b-7c99d4a93063">
      <Execution id="665d533a-e394-4b56-a1ac-db8fa20caa98" />
      <TestMethod codeBase="C:\wincom\net10projects\ErpWeb.Tests\bin\Debug\net10.0\ErpWeb.Tests.dll" adapterTypeName="executor://xunit/VsTestRunner3/netcore/" className="ErpWeb.Tests.Production.Transaction.FinishedGoodReceiptSqlServerTests" name="Failure_after_both_stock_legs_leaves_no_partial_facts_or_lot_ownership" />
    </UnitTest>
    <UnitTest name="ErpWeb.Tests.Production.Transaction.FinishedGoodReceiptSqlServerTests.Missing_production_location_is_not_ready_and_cannot_post" storage="c:\wincom\net10projects\erpweb.tests\bin\debug\net10.0\erpweb.tests.dll" id="2da67c7c-bfbf-3945-09c2-daec0306897d">
      <Execution id="a2cfc704-b196-47b3-93e5-9cbcc8e90121" />
      <TestMethod codeBase="C:\wincom\net10projects\ErpWeb.Tests\bin\Debug\net10.0\ErpWeb.Tests.dll" adapterTypeName="executor://xunit/VsTestRunner3/netcore/" className="ErpWeb.Tests.Production.Transaction.FinishedGoodReceiptSqlServerTests" name="Missing_production_location_is_not_ready_and_cannot_post" />
    </UnitTest>
    <UnitTest name="ErpWeb.Tests.Production.Transaction.FinishedGoodReceiptSqlServerTests.All_draft_edits_invalidate_stale_clients_and_restrict_costs" storage="c:\wincom\net10projects\erpweb.tests\bin\debug\net10.0\erpweb.tests.dll" id="f8fa7cb8-c6c4-b9bb-3bb2-3de4cbac77c7">
      <Execution id="72d7f698-6c9f-40ae-a71f-c579f36dfa1b" />
      <TestMethod codeBase="C:\wincom\net10projects\ErpWeb.Tests\bin\Debug\net10.0\ErpWeb.Tests.dll" adapterTypeName="executor://xunit/VsTestRunner3/netcore/" className="ErpWeb.Tests.Production.Transaction.FinishedGoodReceiptSqlServerTests" name="All_draft_edits_invalidate_stale_clients_and_restrict_costs" />
    </UnitTest>
    <UnitTest name="ErpWeb.Tests.Production.Transaction.ProductionStockLedgerSqlServerTests.SqlServer_ledger_scripts_are_rerunnable_without_replacing_current_movement_constraint" storage="c:\wincom\net10projects\erpweb.tests\bin\debug\net10.0\erpweb.tests.dll" id="b681882e-a377-8382-5097-1a317af879ec">
      <Execution id="10a607d7-d6fd-40fe-876e-9ce1e5355ace" />
      <TestMethod codeBase="C:\wincom\net10projects\ErpWeb.Tests\bin\Debug\net10.0\ErpWeb.Tests.dll" adapterTypeName="executor://xunit/VsTestRunner3/netcore/" className="ErpWeb.Tests.Production.Transaction.ProductionStockLedgerSqlServerTests" name="SqlServer_ledger_scripts_are_rerunnable_without_replacing_current_movement_constraint" />
    </UnitTest>
    <UnitTest name="ErpWeb.Tests.Production.Transaction.FinishedGoodReceiptSqlServerTests.Cross_branch_creation_serializes_company_wide_lot_identity" storage="c:\wincom\net10projects\erpweb.tests\bin\debug\net10.0\erpweb.tests.dll" id="a31f5654-60a3-532c-ef62-12c43bfd31d4">
      <Execution id="d44ce03d-554d-41f7-841a-26d4cceffbbe" />
      <TestMethod codeBase="C:\wincom\net10projects\ErpWeb.Tests\bin\Debug\net10.0\ErpWeb.Tests.dll" adapterTypeName="executor://xunit/VsTestRunner3/netcore/" className="ErpWeb.Tests.Production.Transaction.FinishedGoodReceiptSqlServerTests" name="Cross_branch_creation_serializes_company_wide_lot_identity" />
    </UnitTest>
    <UnitTest name="ErpWeb.Tests.Production.Transaction.ProductionStockLedgerSqlServerTests.SqlServer_coordinator_replays_and_rejects_concurrent_duplicate_revision" storage="c:\wincom\net10projects\erpweb.tests\bin\debug\net10.0\erpweb.tests.dll" id="7a8003a1-2d34-74dd-07b3-41443250e4f6">
      <Execution id="8c9a08f5-fa5a-4c7b-be64-eb676915e2b3" />
      <TestMethod codeBase="C:\wincom\net10projects\ErpWeb.Tests\bin\Debug\net10.0\ErpWeb.Tests.dll" adapterTypeName="executor://xunit/VsTestRunner3/netcore/" className="ErpWeb.Tests.Production.Transaction.ProductionStockLedgerSqlServerTests" name="SqlServer_coordinator_replays_and_rejects_concurrent_duplicate_revision" />
    </UnitTest>
    <UnitTest name="ErpWeb.Tests.Production.Transaction.FinishedGoodReceiptSqlServerTests.Concurrent_source_competition_and_lost_response_duplicate_requests" storage="c:\wincom\net10projects\erpweb.tests\bin\debug\net10.0\erpweb.tests.dll" id="642cd6ad-aba9-a51e-0a23-aa47f69f1ffc">
      <Execution id="b838b46c-5545-42a9-b438-8e8cdae5d948" />
      <TestMethod codeBase="C:\wincom\net10projects\ErpWeb.Tests\bin\Debug\net10.0\ErpWeb.Tests.dll" adapterTypeName="executor://xunit/VsTestRunner3/netcore/" className="ErpWeb.Tests.Production.Transaction.FinishedGoodReceiptSqlServerTests" name="Concurrent_source_competition_and_lost_response_duplicate_requests" />
    </UnitTest>
    <UnitTest name="ErpWeb.Tests.Production.Transaction.FinishedGoodReceiptSqlServerTests.Period_close_and_post_share_the_branch_lock" storage="c:\wincom\net10projects\erpweb.tests\bin\debug\net10.0\erpweb.tests.dll" id="d6b3a08d-73dc-c99a-0742-998f3338238e">
      <Execution id="bcc15dff-6556-4095-9c07-d4709290f12b" />
      <TestMethod codeBase="C:\wincom\net10projects\ErpWeb.Tests\bin\Debug\net10.0\ErpWeb.Tests.dll" adapterTypeName="executor://xunit/VsTestRunner3/netcore/" className="ErpWeb.Tests.Production.Transaction.FinishedGoodReceiptSqlServerTests" name="Period_close_and_post_share_the_branch_lock" />
    </UnitTest>
    <UnitTest name="ErpWeb.Tests.Production.Transaction.FinishedGoodReceiptSqlServerTests.Separate_drafts_do_not_reserve_the_same_source" storage="c:\wincom\net10projects\erpweb.tests\bin\debug\net10.0\erpweb.tests.dll" id="0604c037-d40c-e4d7-f839-de9872f15d2d">
      <Execution id="01ae470a-43cd-461e-a9fd-1f3be16ef2b5" />
      <TestMethod codeBase="C:\wincom\net10projects\ErpWeb.Tests\bin\Debug\net10.0\ErpWeb.Tests.dll" adapterTypeName="executor://xunit/VsTestRunner3/netcore/" className="ErpWeb.Tests.Production.Transaction.FinishedGoodReceiptSqlServerTests" name="Separate_drafts_do_not_reserve_the_same_source" />
    </UnitTest>
    <UnitTest name="ErpWeb.Tests.Production.Transaction.FinishedGoodReceiptSqlServerTests.Save_maps_product_codes_grouped_qty_and_non_lot_expiry" storage="c:\wincom\net10projects\erpweb.tests\bin\debug\net10.0\erpweb.tests.dll" id="c504ac79-7d7e-1fc3-8dd1-eabfb250b130">
      <Execution id="163ad7ec-1276-4cef-8cbf-4d20894ef1c6" />
      <TestMethod codeBase="C:\wincom\net10projects\ErpWeb.Tests\bin\Debug\net10.0\ErpWeb.Tests.dll" adapterTypeName="executor://xunit/VsTestRunner3/netcore/" className="ErpWeb.Tests.Production.Transaction.FinishedGoodReceiptSqlServerTests" name="Save_maps_product_codes_grouped_qty_and_non_lot_expiry" />
    </UnitTest>
  </TestDefinitions>
  <TestEntries>
    <TestEntry testId="f8fa7cb8-c6c4-b9bb-3bb2-3de4cbac77c7" executionId="72d7f698-6c9f-40ae-a71f-c579f36dfa1b" testListId="8c84fa94-04c1-424b-9868-57a2d4851a1d" />
    <TestEntry testId="8eefb9b7-90c6-d8d4-6978-c75a381ca176" executionId="e7a357be-27f6-4162-ad40-831068ff3dd4" testListId="8c84fa94-04c1-424b-9868-57a2d4851a1d" />
    <TestEntry testId="7b4c2b40-abec-2aaf-a3a1-359134c35e62" executionId="32e6d3e5-b705-4527-9ec4-621b80c01803" testListId="8c84fa94-04c1-424b-9868-57a2d4851a1d" />
    <TestEntry testId="c5934314-6acd-cf3a-d228-f9219e8a9f50" executionId="48c6e121-cc6c-43da-b0a9-188e6e4366ae" testListId="8c84fa94-04c1-424b-9868-57a2d4851a1d" />
    <TestEntry testId="b681882e-a377-8382-5097-1a317af879ec" executionId="10a607d7-d6fd-40fe-876e-9ce1e5355ace" testListId="8c84fa94-04c1-424b-9868-57a2d4851a1d" />
    <TestEntry testId="d12d69c6-5f5b-e51c-2d88-392fdcaae2d3" executionId="4775b632-f35a-4623-9d9a-c7f4574a9bbc" testListId="8c84fa94-04c1-424b-9868-57a2d4851a1d" />
    <TestEntry testId="642cd6ad-aba9-a51e-0a23-aa47f69f1ffc" executionId="b838b46c-5545-42a9-b438-8e8cdae5d948" testListId="8c84fa94-04c1-424b-9868-57a2d4851a1d" />
    <TestEntry testId="d6b3a08d-73dc-c99a-0742-998f3338238e" executionId="bcc15dff-6556-4095-9c07-d4709290f12b" testListId="8c84fa94-04c1-424b-9868-57a2d4851a1d" />
    <TestEntry testId="0604c037-d40c-e4d7-f839-de9872f15d2d" executionId="01ae470a-43cd-461e-a9fd-1f3be16ef2b5" testListId="8c84fa94-04c1-424b-9868-57a2d4851a1d" />
    <TestEntry testId="bc4479d4-53ac-cfe7-4d0f-16cb87fef943" executionId="eb64ece9-b22c-4246-8dda-9db52920fbe4" testListId="8c84fa94-04c1-424b-9868-57a2d4851a1d" />
    <TestEntry testId="3e2930f0-3c22-f063-1b8b-7c99d4a93063" executionId="665d533a-e394-4b56-a1ac-db8fa20caa98" testListId="8c84fa94-04c1-424b-9868-57a2d4851a1d" />
    <TestEntry testId="2da67c7c-bfbf-3945-09c2-daec0306897d" executionId="a2cfc704-b196-47b3-93e5-9cbcc8e90121" testListId="8c84fa94-04c1-424b-9868-57a2d4851a1d" />
    <TestEntry testId="7a8003a1-2d34-74dd-07b3-41443250e4f6" executionId="8c9a08f5-fa5a-4c7b-be64-eb676915e2b3" testListId="8c84fa94-04c1-424b-9868-57a2d4851a1d" />
    <TestEntry testId="c504ac79-7d7e-1fc3-8dd1-eabfb250b130" executionId="163ad7ec-1276-4cef-8cbf-4d20894ef1c6" testListId="8c84fa94-04c1-424b-9868-57a2d4851a1d" />
    <TestEntry testId="5ac5b7b5-e1a0-e1c8-00ac-7dfd859ef08b" executionId="ecf4694c-3537-472e-b3f4-37d33158a372" testListId="8c84fa94-04c1-424b-9868-57a2d4851a1d" />
    <TestEntry testId="34a43747-459d-8e6f-9fcf-2c29f4b7fc8a" executionId="bc484ee3-c467-4332-ba01-3e6cc1c2a382" testListId="8c84fa94-04c1-424b-9868-57a2d4851a1d" />
    <TestEntry testId="d80ff531-54aa-3213-4113-a0cab2c50296" executionId="0c27810e-81ec-4a0b-a311-eaa6b457c5eb" testListId="8c84fa94-04c1-424b-9868-57a2d4851a1d" />
    <TestEntry testId="67dbacc1-b17d-6a3d-bb84-380bf11af2b5" executionId="27a5bd47-fb4d-4d91-b4fa-1bd2969d5d35" testListId="8c84fa94-04c1-424b-9868-57a2d4851a1d" />
    <TestEntry testId="df54d162-9f46-1089-616b-8f8335e4e6a5" executionId="0431409d-866a-4dc4-b197-877b51b23392" testListId="8c84fa94-04c1-424b-9868-57a2d4851a1d" />
    <TestEntry testId="a31f5654-60a3-532c-ef62-12c43bfd31d4" executionId="d44ce03d-554d-41f7-841a-26d4cceffbbe" testListId="8c84fa94-04c1-424b-9868-57a2d4851a1d" />
    <TestEntry testId="7d687054-76b1-6f38-4f4e-729396760504" executionId="eb6c4c73-3ef0-4958-87f0-45a96ac73256" testListId="8c84fa94-04c1-424b-9868-57a2d4851a1d" />
  </TestEntries>
  <TestLists>
    <TestList name="Results Not in a List" id="8c84fa94-04c1-424b-9868-57a2d4851a1d" />
    <TestList name="All Loaded Results" id="19431567-8539-422a-85d7-44ee4e166bda" />
  </TestLists>
  <ResultSummary outcome="Completed">
    <Counters total="21" executed="21" passed="21" failed="0" error="0" timeout="0" aborted="0" inconclusive="0" passedButRunAborted="0" notRunnable="0" notExecuted="0" disconnected="0" warning="0" completed="0" inProgress="0" pending="0" />
    <Output>
      <StdOut>[xUnit.net 00:00:00.00] xUnit.net VSTest Adapter v3.1.4+50e68bbb8b (64-bit .NET 10.0.12)&#xD;
[xUnit.net 00:00:00.16]   Discovering: ErpWeb.Tests&#xD;
[xUnit.net 00:00:00.41]   Discovered:  ErpWeb.Tests&#xD;
[xUnit.net 00:00:00.43]   Starting:    ErpWeb.Tests&#xD;
[xUnit.net 00:00:00.51]   Finished:    ErpWeb.Tests&#xD;
</StdOut>
    </Output>
  </ResultSummary>
</TestRun>